
==================================== ERRORS ====================================
_________________ ERROR collecting test/test_streamlit_app.py __________________
ImportError while importing test module '/tmp/p01-d1-dev-integration-YqWicP/test/test_streamlit_app.py'.
Hint: make sure your test modules/packages have valid Python names.
Traceback:
/home/user/anaconda3/envs/LQ_signal/lib/python3.10/importlib/__init__.py:126: in import_module
    return _bootstrap._gcd_import(name[level:], package, level)
test/test_streamlit_app.py:9: in <module>
    from streamlit.testing.v1 import AppTest
E   ModuleNotFoundError: No module named 'streamlit'
=============================== warnings summary ===============================
../../home/user/anaconda3/envs/LQ_signal/lib/python3.10/site-packages/lightning_fabric/__init__.py:41
  /home/user/anaconda3/envs/LQ_signal/lib/python3.10/site-packages/lightning_fabric/__init__.py:41: pkg_resources is deprecated as an API. See https://setuptools.pypa.io/en/latest/pkg_resources.html

../../home/user/anaconda3/envs/LQ_signal/lib/python3.10/site-packages/pkg_resources/__init__.py:3147
  /home/user/anaconda3/envs/LQ_signal/lib/python3.10/site-packages/pkg_resources/__init__.py:3147: DeprecationWarning: Deprecated call to `pkg_resources.declare_namespace('mpl_toolkits')`.
  Implementing implicit namespace packages (as specified in PEP 420) is preferred to `pkg_resources.declare_namespace`. See https://setuptools.pypa.io/en/latest/references/keywords.html#keyword-namespace-packages
    declare_namespace(pkg)

../../home/user/anaconda3/envs/LQ_signal/lib/python3.10/site-packages/pkg_resources/__init__.py:3147
  /home/user/anaconda3/envs/LQ_signal/lib/python3.10/site-packages/pkg_resources/__init__.py:3147: DeprecationWarning: Deprecated call to `pkg_resources.declare_namespace('zope')`.
  Implementing implicit namespace packages (as specified in PEP 420) is preferred to `pkg_resources.declare_namespace`. See https://setuptools.pypa.io/en/latest/references/keywords.html#keyword-namespace-packages
    declare_namespace(pkg)

../../home/user/anaconda3/envs/LQ_signal/lib/python3.10/site-packages/lightning_fabric/__init__.py:41
  /home/user/anaconda3/envs/LQ_signal/lib/python3.10/site-packages/lightning_fabric/__init__.py:41: Deprecated call to `pkg_resources.declare_namespace('lightning_fabric')`.
  Implementing implicit namespace packages (as specified in PEP 420) is preferred to `pkg_resources.declare_namespace`. See https://setuptools.pypa.io/en/latest/references/keywords.html#keyword-namespace-packages

../../home/user/anaconda3/envs/LQ_signal/lib/python3.10/site-packages/pytorch_lightning/__init__.py:37
  /home/user/anaconda3/envs/LQ_signal/lib/python3.10/site-packages/pytorch_lightning/__init__.py:37: Deprecated call to `pkg_resources.declare_namespace('pytorch_lightning')`.
  Implementing implicit namespace packages (as specified in PEP 420) is preferred to `pkg_resources.declare_namespace`. See https://setuptools.pypa.io/en/latest/references/keywords.html#keyword-namespace-packages

-- Docs: https://docs.pytest.org/en/stable/how-to/capture-warnings.html
=========================== short test summary info ============================
ERROR test/test_streamlit_app.py
!!!!!!!!!!!!!!!!!!!! Interrupted: 1 error during collection !!!!!!!!!!!!!!!!!!!!
1 deselected, 5 warnings, 1 error in 10.47s
